  Determining projects to restore...
  All projects are up-to-date for restore.
  DrawingRegister.App -> C:\Cursor_Files\drawingregisterMJ\DrawingRegister.App\bin\Debug\net8.0-windows\DrawingRegister.App.dll

Build succeeded.
    0 Warning(s)
    0 Error(s)

Time Elapsed 00:00:00.68
